cargo :     Checking v8 v0.73.0
At line:1 char:1
+ cargo check 2>&1 | Out-File compile.log; Get-Content compile.log -Tai ...
+ ~~~~~~~~~~~~~~~~
    + CategoryInfo          : NotSpecified: (    Checking v8 v0.73.0:String) [], RemoteException
    + FullyQualifiedErrorId : NativeCommandError
 
error[E0080]: evaluation panicked: assertion failed: size_of::<TypeId>() == size_of::<u64>()
    --> C:\Users\King\.cargo\registry\src\index.crates.io-1949cf8c6b5b557f\v8-0.73.0\src\isolate.rs:1715:3
     |
1715 |   assert!(size_of::<TypeId>() == size_of::<u64>());
     |   ^^^^^^^^^^^^^^^^^^^^^^^^^^^^^^^^^^^^^^^^^^^^^^^^ evaluation of `isolate::_` failed here

For more information about this error, try `rustc --explain E0080`.
error: could not compile `v8` (lib) due to 1 previous error
